{"logTime": "0604/194435", "correlationVector":"A6U/2xeo/421A2n80uB2y/.1","action":"SyncServerConnectionManagerRequest", "result":"SYNC_SERVER_OK", "context":{"environment":"Prod_francecentral_prod-s01-062-eur-francecentral", "migrationStage":"NotStarted", "server":"akswtt115000012"}}
{"logTime": "0604/194435", "correlationVector":"A6U/2xeo/421A2n80uB2y/.2","action":"ProcessGetUpdates", "result":"Done", "context":{"dataType":"Encryption Keys", "deleted":"0", "process_failed_to_decrypt":"0", "process_pending_decryption":"0", "process_success":"1", "total":"1"}}
{"logTime": "0604/194436", "correlationVector":"2MLqeYYh+Cv4/ul+1DKbZd","action":"SyncServerConnectionManagerRequest", "result":"SYNC_SERVER_OK", "context":{"environment":"", "migrationStage":"", "server":""}}
{"logTime": "0604/194436", "correlationVector":"2MLqeYYh+Cv4/ul+1DKbZd.0","action":"EncryptionKeysFetcher.DownloadKeys:", "result":"Success", "context":Key count: 4, Last key timestamp: 2026-03-10T19:27:06Z}
{"logTime": "0604/194436", "correlationVector":"2MLqeYYh+Cv4/ul+1DKbZd.1","action":"EncryptionKeysManager::SetEncryptionKeys:", "result":"Success", "context":Key names[4]:[p1TjH0e8NJhJtfXcyG8869IwISbYgjqNwQmEZNa8pmeExgX7OwBzzYMkF5kGYxms98lJ49JVGaRNI1Lru3A5Eg==][WWRTq1Sj3wfhSMTSMItZHHHYcAg6DaN5McIMa2KtjSItmOhE0nHxXNo9u6VH6ESx+M57nJ9nAGhpimVB3nW+dg==][PwMglo3CyC7KVjhi/d2h9iwLkXqtiBvfj+zDyFHH/fHmk1g1DkeRqg4+aCpNUarmudFUZm0SGs/Ogpe3ohPD1A==][gQ/jEldPxL+f54tGRDQYKVcS+Wz877ge9BWckhJRw6qY7OjQScBl8YVjMa5X/ZmNQKcYSem2B7j3IQeeigt5ng==]}
{"logTime": "0604/194436", "correlationVector":"2MLqeYYh+Cv4/ul+1DKbZd.2","action":"EncryptionKeysManager::SetEncryptionKeysWithTimestamps:", "result":"Success", "context":Key timestamps[4]:[2024-09-13T01:27:56Z][2025-03-13T22:04:39Z][2025-09-11T15:35:58Z][2026-03-10T19:27:06Z]}
{"logTime": "0604/194436", "correlationVector":"A6U/2xeo/421A2n80uB2y/","action":"Initial GetUpdates", "result":"", "context":Reason: NEW_CLIENT. cV=A6U/2xeo/421A2n80uB2y/}
{"logTime": "0604/194436", "correlationVector":"A6U/2xeo/421A2n80uB2y/.3","action":"GetUpdates Response", "result":"Success", "context":Received 1 update(s). cV=A6U/2xeo/421A2n80uB2y/.0;server=akswtt115000012;cloudType=Consumer;environment=Prod_francecentral_prod-s01-062-eur-francecentral;migrationStage=NotStarted}
{"logTime": "0604/194436", "correlationVector":"SkR8L5Y1UlzKqVBzhoq4HD","action":"Initial GetUpdates", "result":"", "context":Reason: NEWLY_SUPPORTED_DATATYPE. cV=SkR8L5Y1UlzKqVBzhoq4HD}
{"logTime": "0604/194436", "correlationVector":"SkR8L5Y1UlzKqVBzhoq4HD.1","action":"SyncServerConnectionManagerRequest", "result":"SYNC_SERVER_OK", "context":{"environment":"Prod_francecentral_prod-s01-062-eur-francecentral", "migrationStage":"NotStarted", "server":"akswtt11500000a"}}
{"logTime": "0604/194436", "correlationVector":"SkR8L5Y1UlzKqVBzhoq4HD.2","action":"ProcessGetUpdates", "result":"Done", "context":{"dataType":"Preferences", "deleted":"1", "process_failed_to_decrypt":"0", "process_pending_decryption":"0", "process_success":"69", "total":"69"}}
{"logTime": "0604/194436", "correlationVector":"SkR8L5Y1UlzKqVBzhoq4HD.3","action":"ProcessGetUpdates", "result":"Done", "context":{"dataType":"Passwords", "deleted":"0", "process_failed_to_decrypt":"0", "process_pending_decryption":"0", "process_success":"15", "total":"15"}}
{"logTime": "0604/194436", "correlationVector":"SkR8L5Y1UlzKqVBzhoq4HD.4","action":"ProcessGetUpdates", "result":"Done", "context":{"dataType":"Device Info", "deleted":"0", "process_failed_to_decrypt":"0", "process_pending_decryption":"0", "process_success":"7", "total":"7"}}
{"logTime": "0604/194436", "correlationVector":"SkR8L5Y1UlzKqVBzhoq4HD.5","action":"GetUpdates Response", "result":"Success", "context":Received 91 update(s). cV=SkR8L5Y1UlzKqVBzhoq4HD.0;server=akswtt11500000a;cloudType=Consumer;environment=Prod_francecentral_prod-s01-062-eur-francecentral;migrationStage=NotStarted}
{"logTime": "0604/194436", "correlationVector":"Q8r3pXZzWpzoH5ck83gqrZ","action":"Initial GetUpdates", "result":"", "context":Reason: NEWLY_SUPPORTED_DATATYPE. cV=Q8r3pXZzWpzoH5ck83gqrZ}
{"logTime": "0604/194437", "correlationVector":"Q8r3pXZzWpzoH5ck83gqrZ.1","action":"SyncServerConnectionManagerRequest", "result":"SYNC_SERVER_OK", "context":{"environment":"Prod_francecentral_prod-s01-062-eur-francecentral", "migrationStage":"NotStarted", "server":"akswtt115000003"}}
{"logTime": "0604/194437", "correlationVector":"Q8r3pXZzWpzoH5ck83gqrZ.2","action":"ProcessGetUpdates", "result":"Done", "context":{"dataType":"Bookmarks", "deleted":"0", "process_failed_to_decrypt":"0", "process_pending_decryption":"0", "process_success":"6", "total":"6"}}
{"logTime": "0604/194437", "correlationVector":"Q8r3pXZzWpzoH5ck83gqrZ.3","action":"GetUpdates Response", "result":"Success", "context":Received 6 update(s). cV=Q8r3pXZzWpzoH5ck83gqrZ.0;server=akswtt115000003;cloudType=Consumer;environment=Prod_francecentral_prod-s01-062-eur-francecentral;migrationStage=NotStarted}
{"logTime": "0604/194437", "correlationVector":"lt97FjUxnMOnGF6yfYAO6Z","action":"Initial GetUpdates", "result":"", "context":Reason: NEWLY_SUPPORTED_DATATYPE. cV=lt97FjUxnMOnGF6yfYAO6Z}
{"logTime": "0604/194437", "correlationVector":"lt97FjUxnMOnGF6yfYAO6Z.1","action":"SyncServerConnectionManagerRequest", "result":"SYNC_SERVER_OK", "context":{"environment":"Prod_francecentral_prod-s01-062-eur-francecentral", "migrationStage":"NotStarted", "server":"akswtt11500000c"}}
{"logTime": "0604/194437", "correlationVector":"lt97FjUxnMOnGF6yfYAO6Z.2","action":"ProcessGetUpdates", "result":"Done", "context":{"dataType":"Autofill Profiles", "deleted":"0", "process_failed_to_decrypt":"0", "process_pending_decryption":"0", "process_success":"8", "total":"8"}}
{"logTime": "0604/194437", "correlationVector":"lt97FjUxnMOnGF6yfYAO6Z.3","action":"ProcessGetUpdates", "result":"Done", "context":{"dataType":"Autofill", "deleted":"0", "process_failed_to_decrypt":"0", "process_pending_decryption":"0", "process_success":"34", "total":"34"}}
{"logTime": "0604/194437", "correlationVector":"lt97FjUxnMOnGF6yfYAO6Z.4","action":"ProcessGetUpdates", "result":"Done", "context":{"dataType":"Extensions", "deleted":"0", "process_failed_to_decrypt":"0", "process_pending_decryption":"0", "process_success":"1", "total":"1"}}
{"logTime": "0604/194437", "correlationVector":"lt97FjUxnMOnGF6yfYAO6Z.5","action":"ProcessGetUpdates", "result":"Done", "context":{"dataType":"Sessions", "deleted":"30", "process_failed_to_decrypt":"0", "process_pending_decryption":"0", "process_success":"30", "total":"30"}}
{"logTime": "0604/194437", "correlationVector":"lt97FjUxnMOnGF6yfYAO6Z.6","action":"ProcessGetUpdates", "result":"Done", "context":{"dataType":"Extension settings", "deleted":"0", "process_failed_to_decrypt":"0", "process_pending_decryption":"0", "process_success":"1", "total":"1"}}
{"logTime": "0604/194437", "correlationVector":"lt97FjUxnMOnGF6yfYAO6Z.7","action":"ProcessGetUpdates", "result":"Done", "context":{"dataType":"History Delete Directives", "deleted":"0", "process_failed_to_decrypt":"0", "process_pending_decryption":"0", "process_success":"1", "total":"1"}}
{"logTime": "0604/194437", "correlationVector":"lt97FjUxnMOnGF6yfYAO6Z.8","action":"ProcessGetUpdates", "result":"Done", "context":{"dataType":"Edge Hub App Usage", "deleted":"2", "process_failed_to_decrypt":"0", "process_pending_decryption":"0", "process_success":"5", "total":"5"}}
{"logTime": "0604/194437", "correlationVector":"lt97FjUxnMOnGF6yfYAO6Z.9","action":"GetUpdates Response", "result":"Success", "context":Received 80 update(s). cV=lt97FjUxnMOnGF6yfYAO6Z.0;server=akswtt11500000c;cloudType=Consumer;environment=Prod_francecentral_prod-s01-062-eur-francecentral;migrationStage=NotStarted}
{"logTime": "0604/194437", "correlationVector":"iHZfH1PDxnlKt7P3yNqTUQ","action":"Initial GetUpdates", "result":"", "context":Reason: NEWLY_SUPPORTED_DATATYPE. cV=iHZfH1PDxnlKt7P3yNqTUQ}
{"logTime": "0604/194438", "correlationVector":"iHZfH1PDxnlKt7P3yNqTUQ.1","action":"SyncServerConnectionManagerRequest", "result":"SYNC_SERVER_OK", "context":{"environment":"Prod_francecentral_prod-s01-062-eur-francecentral", "migrationStage":"NotStarted", "server":"akswtt115000002"}}
{"logTime": "0604/194438", "correlationVector":"iHZfH1PDxnlKt7P3yNqTUQ.2","action":"ProcessGetUpdates", "result":"Done", "context":{"dataType":"History", "deleted":"0", "process_failed_to_decrypt":"0", "process_pending_decryption":"0", "process_success":"34", "total":"34"}}
{"logTime": "0604/194438", "correlationVector":"iHZfH1PDxnlKt7P3yNqTUQ.3","action":"GetUpdates Response", "result":"Success", "context":Received 34 update(s). cV=iHZfH1PDxnlKt7P3yNqTUQ.0;server=akswtt115000002;cloudType=Consumer;environment=Prod_francecentral_prod-s01-062-eur-francecentral;migrationStage=NotStarted}
{"logTime": "0604/194438", "correlationVector":"p1pWkm1WZNcOEfQI2g7ENv","action":"Normal GetUpdate request", "result":"", "context":cV=p1pWkm1WZNcOEfQI2g7ENv
Nudged types: Sessions, Device Info, User Consents
Refresh requested types: Bookmarks, Preferences, Passwords, Autofill Profiles, Autofill, Extensions, Sessions, Extension settings, History Delete Directives, Device Info, User Consents, Send Tab To Self, Web Apps, History, Saved Tab Group, WebAuthn Credentials, Collection, Edge E Drop, Edge Hub App Usage, Edge Wallet, Edge Workspace, Encryption Keys}
{"logTime": "0604/194438", "correlationVector":"p1pWkm1WZNcOEfQI2g7ENv.1","action":"SyncServerConnectionManagerRequest", "result":"SYNC_SERVER_OK", "context":{"environment":"Prod_francecentral_prod-s01-062-eur-francecentral", "migrationStage":"NotStarted", "server":"akswtt11500000a"}}
{"logTime": "0604/194438", "correlationVector":"p1pWkm1WZNcOEfQI2g7ENv.2","action":"GetUpdates Response", "result":"Success", "context":Received 0 update(s). cV=p1pWkm1WZNcOEfQI2g7ENv.0;server=akswtt11500000a;cloudType=Consumer;environment=Prod_francecentral_prod-s01-062-eur-francecentral;migrationStage=NotStarted}
{"logTime": "0604/194438", "correlationVector":"FDc+3LwspT7QQayGqR+DLw","action":"DoCompareDataConsistency requsted types: ", "result":"Bookmarks, Preferences, Passwords, Extensions, Extension settings, History Delete Directives, Send Tab To Self, Web Apps, History, Saved Tab Group, WebAuthn Credentials, Collection, Edge E Drop, Edge Wallet, Edge Workspace, Encryption Keys"}
{"logTime": "0604/194438", "correlationVector":"FDc+3LwspT7QQayGqR+DLw.0","action":"CompareDataConsistency result: ", "result":"Compare result: Encryption Keys is consistent. local entities count is: 1 local entities hash is: HIidCFO7cgUA0pmkPdzJnH4+mCc="}
{"logTime": "0604/194438", "correlationVector":"FDc+3LwspT7QQayGqR+DLw.1","action":"CompareDataConsistency result: ", "result":"Compare result: Bookmarks is consistent. local entities count is: 0 local entities hash is: "}
{"logTime": "0604/194438", "correlationVector":"FDc+3LwspT7QQayGqR+DLw.2","action":"CompareDataConsistency result: ", "result":"Compare result: Preferences is consistent. local entities count is: 68 local entities hash is: HbAd4ftgIQCy3d8qGEdiJjN9BDs="}
{"logTime": "0604/194438", "correlationVector":"FDc+3LwspT7QQayGqR+DLw.3","action":"CompareDataConsistency result: ", "result":"Compare result: Extensions is consistent. local entities count is: 1 local entities hash is: bRpQ+/+052uPoEfVddKsctCs2Kg="}
{"logTime": "0604/194438", "correlationVector":"FDc+3LwspT7QQayGqR+DLw.4","action":"CompareDataConsistency result: ", "result":"Compare result: Extension settings is consistent. local entities count is: 1 local entities hash is: eOF+L7qDeFYVcQO1u6qN9cSyaRg="}
{"logTime": "0604/194438", "correlationVector":"FDc+3LwspT7QQayGqR+DLw.5","action":"CompareDataConsistency result: ", "result":"Compare result: History Delete Directives is inconsistent. server entities count is: 1 server entities hash is: XRD574YCh5dbM1LsNWCQ1aNvbLc= local entities count is: 0 local entities hash is: "}
{"logTime": "0604/194438", "correlationVector":"FDc+3LwspT7QQayGqR+DLw.6","action":"CompareDataConsistency result: ", "result":"Server did not send this Send Tab To Self local entities count is: 0 local entities hash is: "}
{"logTime": "0604/194438", "correlationVector":"FDc+3LwspT7QQayGqR+DLw.7","action":"CompareDataConsistency result: ", "result":"Compare result: Web Apps is consistent. local entities count is: 0 local entities hash is: "}
{"logTime": "0604/194438", "correlationVector":"FDc+3LwspT7QQayGqR+DLw.8","action":"CompareDataConsistency result: ", "result":"Server did not send this History local entities count is: 0 local entities hash is: "}
{"logTime": "0604/194438", "correlationVector":"FDc+3LwspT7QQayGqR+DLw.9","action":"CompareDataConsistency result: ", "result":"Compare result: Saved Tab Group is consistent. local entities count is: 0 local entities hash is: "}
{"logTime": "0604/194438", "correlationVector":"FDc+3LwspT7QQayGqR+DLw.10","action":"CompareDataConsistency result: ", "result":"Server did not send this WebAuthn Credentials local entities count is: 0 local entities hash is: "}
{"logTime": "0604/194438", "correlationVector":"FDc+3LwspT7QQayGqR+DLw.11","action":"CompareDataConsistency result: ", "result":"Compare result: Collection is consistent. local entities count is: 0 local entities hash is: "}
{"logTime": "0604/194438", "correlationVector":"FDc+3LwspT7QQayGqR+DLw.12","action":"CompareDataConsistency result: ", "result":"Compare result: Edge E Drop is consistent. local entities count is: 0 local entities hash is: "}
{"logTime": "0604/194438", "correlationVector":"FDc+3LwspT7QQayGqR+DLw.13","action":"CompareDataConsistency result: ", "result":"Compare result: Edge Wallet is consistent. local entities count is: 0 local entities hash is: "}
{"logTime": "0604/194438", "correlationVector":"FDc+3LwspT7QQayGqR+DLw.14","action":"CompareDataConsistency result: ", "result":"Server did not send this Edge Workspace local entities count is: 0 local entities hash is: "}
{"logTime": "0604/194438", "correlationVector":"FDc+3LwspT7QQayGqR+DLw.15","action":"CompareDataConsistency result: ", "result":"Compare result: Passwords is consistent. local entities count is: 15 local entities hash is: j0lalzPj/SwN7a7/xMg/OX5A/CM="}
{"logTime": "0604/194438", "correlationVector":"Ja9ptEKXyyIOQkjo3eK08z","action":"Commit Request", "result":"", "context":Item count: 4
Contributing types: Sessions, Device Info, User Consents}
{"logTime": "0604/194439", "correlationVector":"Ja9ptEKXyyIOQkjo3eK08z.1","action":"SyncServerConnectionManagerRequest", "result":"SYNC_SERVER_OK", "context":{"environment":"Prod_francecentral_prod-s01-062-eur-francecentral", "migrationStage":"NotStarted", "server":"akswtt11500001c"}}
{"logTime": "0604/194439", "correlationVector":"Ja9ptEKXyyIOQkjo3eK08z.2","action":"Commit Response", "result":"Success", "context":Result: Success. cV=Ja9ptEKXyyIOQkjo3eK08z.0;server=akswtt11500001c;cloudType=Consumer;environment=Prod_francecentral_prod-s01-062-eur-francecentral;migrationStage=NotStarted}
{"logTime": "0604/194439", "correlationVector":"","action":"DIAGNOSTIC_REQUEST|v1/diagnosticData/Diagnostic.SendCheckResult()|SUCCESS", "result":""}
{"logTime": "0604/194439", "correlationVector":"9WpYasnfYKt1OHDOC4JsHQ","action":"Commit Request", "result":"", "context":Item count: 13
Contributing types: Preferences, Passwords}
{"logTime": "0604/194440", "correlationVector":"9WpYasnfYKt1OHDOC4JsHQ.1","action":"SyncServerConnectionManagerRequest", "result":"SYNC_SERVER_OK", "context":{"environment":"Prod_francecentral_prod-s01-062-eur-francecentral", "migrationStage":"NotStarted", "server":"akswtt11500000a"}}
{"logTime": "0604/194440", "correlationVector":"9WpYasnfYKt1OHDOC4JsHQ.2","action":"Commit Response", "result":"Success", "context":Result: Success. cV=9WpYasnfYKt1OHDOC4JsHQ.0;server=akswtt11500000a;cloudType=Consumer;environment=Prod_francecentral_prod-s01-062-eur-francecentral;migrationStage=NotStarted}
{"logTime": "0604/194531", "correlationVector":"9ZBbo1ic9mL7I237prxjCz","action":"Commit Request", "result":"", "context":Item count: 21
Contributing types: Passwords, Sessions, History}
{"logTime": "0604/194533", "correlationVector":"9ZBbo1ic9mL7I237prxjCz.1","action":"SyncServerConnectionManagerRequest", "result":"SYNC_SERVER_OK", "context":{"environment":"Prod_francecentral_prod-s01-062-eur-francecentral", "migrationStage":"NotStarted", "server":"akswtt11500001c"}}
{"logTime": "0604/194533", "correlationVector":"9ZBbo1ic9mL7I237prxjCz.2","action":"Commit Response", "result":"Success", "context":Result: Success. cV=9ZBbo1ic9mL7I237prxjCz.0;server=akswtt11500001c;cloudType=Consumer;environment=Prod_francecentral_prod-s01-062-eur-francecentral;migrationStage=NotStarted}
{"logTime": "0611/193757", "correlationVector":"DvOfu0lvUGuoYITUFSQwT+.1","action":"SyncServerConnectionManagerRequest", "result":"SYNC_SERVER_OK", "context":{"environment":"Prod_francecentral_prod-s01-062-eur-francecentral", "migrationStage":"NotStarted", "server":"akswtt11500002m"}}
{"logTime": "0611/193757", "correlationVector":"DvOfu0lvUGuoYITUFSQwT+.2","action":"ProcessGetUpdates", "result":"Done", "context":{"dataType":"Encryption Keys", "deleted":"0", "process_failed_to_decrypt":"0", "process_pending_decryption":"0", "process_success":"1", "total":"1"}}
{"logTime": "0611/193757", "correlationVector":"meI30v1DEHBSHty2bE67t2","action":"SyncServerConnectionManagerRequest", "result":"SYNC_SERVER_OK", "context":{"environment":"", "migrationStage":"", "server":""}}
{"logTime": "0611/193757", "correlationVector":"meI30v1DEHBSHty2bE67t2.0","action":"EncryptionKeysFetcher.DownloadKeys:", "result":"Success", "context":Key count: 4, Last key timestamp: 2026-03-10T19:27:06Z}
{"logTime": "0611/193758", "correlationVector":"meI30v1DEHBSHty2bE67t2.1","action":"EncryptionKeysManager::SetEncryptionKeys:", "result":"Success", "context":Key names[4]:[p1TjH0e8NJhJtfXcyG8869IwISbYgjqNwQmEZNa8pmeExgX7OwBzzYMkF5kGYxms98lJ49JVGaRNI1Lru3A5Eg==][WWRTq1Sj3wfhSMTSMItZHHHYcAg6DaN5McIMa2KtjSItmOhE0nHxXNo9u6VH6ESx+M57nJ9nAGhpimVB3nW+dg==][PwMglo3CyC7KVjhi/d2h9iwLkXqtiBvfj+zDyFHH/fHmk1g1DkeRqg4+aCpNUarmudFUZm0SGs/Ogpe3ohPD1A==][gQ/jEldPxL+f54tGRDQYKVcS+Wz877ge9BWckhJRw6qY7OjQScBl8YVjMa5X/ZmNQKcYSem2B7j3IQeeigt5ng==]}
{"logTime": "0611/193758", "correlationVector":"meI30v1DEHBSHty2bE67t2.2","action":"EncryptionKeysManager::SetEncryptionKeysWithTimestamps:", "result":"Success", "context":Key timestamps[4]:[2024-09-13T01:27:56Z][2025-03-13T22:04:39Z][2025-09-11T15:35:58Z][2026-03-10T19:27:06Z]}
{"logTime": "0611/193758", "correlationVector":"DvOfu0lvUGuoYITUFSQwT+","action":"Initial GetUpdates", "result":"", "context":Reason: NEW_CLIENT. cV=DvOfu0lvUGuoYITUFSQwT+}
{"logTime": "0611/193758", "correlationVector":"DvOfu0lvUGuoYITUFSQwT+.3","action":"GetUpdates Response", "result":"Success", "context":Received 1 update(s). cV=DvOfu0lvUGuoYITUFSQwT+.0;server=akswtt11500002m;cloudType=Consumer;environment=Prod_francecentral_prod-s01-062-eur-francecentral;migrationStage=NotStarted}
{"logTime": "0611/193758", "correlationVector":"DIPwG8rWPLSvKWLWd1uoRo","action":"Initial GetUpdates", "result":"", "context":Reason: NEWLY_SUPPORTED_DATATYPE. cV=DIPwG8rWPLSvKWLWd1uoRo}
{"logTime": "0611/193758", "correlationVector":"DIPwG8rWPLSvKWLWd1uoRo.1","action":"SyncServerConnectionManagerRequest", "result":"SYNC_SERVER_OK", "context":{"environment":"Prod_francecentral_prod-s01-062-eur-francecentral", "migrationStage":"NotStarted", "server":"akswtt11500002m"}}
{"logTime": "0611/193758", "correlationVector":"DIPwG8rWPLSvKWLWd1uoRo.2","action":"ProcessGetUpdates", "result":"Done", "context":{"dataType":"Passwords", "deleted":"0", "process_failed_to_decrypt":"0", "process_pending_decryption":"0", "process_success":"15", "total":"15"}}
{"logTime": "0611/193758", "correlationVector":"DIPwG8rWPLSvKWLWd1uoRo.3","action":"GetUpdates Response", "result":"Success", "context":Received 15 update(s). cV=DIPwG8rWPLSvKWLWd1uoRo.0;server=akswtt11500002m;cloudType=Consumer;environment=Prod_francecentral_prod-s01-062-eur-francecentral;migrationStage=NotStarted}
{"logTime": "0611/193758", "correlationVector":"1xWeY+UCIQ+Pnlpv+MZmVt","action":"Normal GetUpdate request", "result":"", "context":cV=1xWeY+UCIQ+Pnlpv+MZmVt
Nudged types: Sessions, Device Info, History
Refresh requested types: Bookmarks, Preferences, Passwords, Autofill Profiles, Autofill, Extensions, Sessions, Extension settings, History Delete Directives, Device Info, User Consents, Send Tab To Self, Web Apps, History, Saved Tab Group, WebAuthn Credentials, Edge E Drop, Edge Hub App Usage, Edge Wallet, Edge Workspace, Encryption Keys}
{"logTime": "0611/193758", "correlationVector":"1xWeY+UCIQ+Pnlpv+MZmVt.1","action":"SyncServerConnectionManagerRequest", "result":"SYNC_SERVER_OK", "context":{"environment":"Prod_francecentral_prod-s01-062-eur-francecentral", "migrationStage":"NotStarted", "server":"akswtt11500002m"}}
{"logTime": "0611/193758", "correlationVector":"1xWeY+UCIQ+Pnlpv+MZmVt.2","action":"ProcessGetUpdates", "result":"Done", "context":{"dataType":"Preferences", "deleted":"0", "process_failed_to_decrypt":"0", "process_pending_decryption":"0", "process_success":"2", "total":"2"}}
{"logTime": "0611/193758", "correlationVector":"1xWeY+UCIQ+Pnlpv+MZmVt.3","action":"ProcessGetUpdates", "result":"Done", "context":{"dataType":"Sessions", "deleted":"0", "process_failed_to_decrypt":"0", "process_pending_decryption":"0", "process_success":"2", "total":"2"}}
{"logTime": "0611/193758", "correlationVector":"1xWeY+UCIQ+Pnlpv+MZmVt.4","action":"ProcessGetUpdates", "result":"Done", "context":{"dataType":"Device Info", "deleted":"0", "process_failed_to_decrypt":"0", "process_pending_decryption":"0", "process_success":"2", "total":"2"}}
{"logTime": "0611/193758", "correlationVector":"1xWeY+UCIQ+Pnlpv+MZmVt.5","action":"ProcessGetUpdates", "result":"Done", "context":{"dataType":"History", "deleted":"0", "process_failed_to_decrypt":"0", "process_pending_decryption":"0", "process_success":"7", "total":"7"}}
{"logTime": "0611/193758", "correlationVector":"1xWeY+UCIQ+Pnlpv+MZmVt.6","action":"GetUpdates Response", "result":"Success", "context":Received 13 update(s). cV=1xWeY+UCIQ+Pnlpv+MZmVt.0;server=akswtt11500002m;cloudType=Consumer;environment=Prod_francecentral_prod-s01-062-eur-francecentral;migrationStage=NotStarted}
{"logTime": "0611/193758", "correlationVector":"9AMDtqj7jjEQcQMg9ZaNgC","action":"Commit Request", "result":"", "context":Item count: 5
Contributing types: Sessions, Device Info, History}
{"logTime": "0611/193759", "correlationVector":"9AMDtqj7jjEQcQMg9ZaNgC.1","action":"SyncServerConnectionManagerRequest", "result":"SYNC_SERVER_OK", "context":{"environment":"Prod_francecentral_prod-s01-062-eur-francecentral", "migrationStage":"NotStarted", "server":"akswtt11500001p"}}
{"logTime": "0611/193759", "correlationVector":"9AMDtqj7jjEQcQMg9ZaNgC.3","action":"Commit.Sessions", "result":"Success", "context":{"id":"068d0d18-a63c-4868-88a3-65b863133d31", "isDeleted":"true", "size":"0", "version":"1780602332482"}}
{"logTime": "0611/193759", "correlationVector":"9AMDtqj7jjEQcQMg9ZaNgC.2","action":"Commit Response", "result":"Success", "context":Result: Success. cV=9AMDtqj7jjEQcQMg9ZaNgC.0;server=akswtt11500001p;cloudType=Consumer;environment=Prod_francecentral_prod-s01-062-eur-francecentral;migrationStage=NotStarted}
{"logTime": "0611/193759", "correlationVector":"11i3SKXmsAng0SxoEqucpN","action":"Poll GetUpdate request", "result":"", "context":cV=11i3SKXmsAng0SxoEqucpN}
{"logTime": "0611/193800", "correlationVector":"11i3SKXmsAng0SxoEqucpN.1","action":"SyncServerConnectionManagerRequest", "result":"SYNC_SERVER_OK", "context":{"environment":"Prod_francecentral_prod-s01-062-eur-francecentral", "migrationStage":"NotStarted", "server":"akswtt11500002j"}}
{"logTime": "0611/193800", "correlationVector":"11i3SKXmsAng0SxoEqucpN.2","action":"ProcessGetUpdates", "result":"Done", "context":{"dataType":"Sessions", "deleted":"1", "process_failed_to_decrypt":"0", "process_pending_decryption":"0", "process_success":"3", "total":"3"}}
{"logTime": "0611/193800", "correlationVector":"11i3SKXmsAng0SxoEqucpN.3","action":"ProcessGetUpdates", "result":"Done", "context":{"dataType":"Device Info", "deleted":"0", "process_failed_to_decrypt":"0", "process_pending_decryption":"0", "process_success":"1", "total":"1"}}
{"logTime": "0611/193800", "correlationVector":"11i3SKXmsAng0SxoEqucpN.4","action":"ProcessGetUpdates", "result":"Done", "context":{"dataType":"History", "deleted":"0", "process_failed_to_decrypt":"0", "process_pending_decryption":"0", "process_success":"1", "total":"1"}}
{"logTime": "0611/193800", "correlationVector":"11i3SKXmsAng0SxoEqucpN.5","action":"GetUpdates Response", "result":"Success", "context":Received 5 update(s). cV=11i3SKXmsAng0SxoEqucpN.0;server=akswtt11500002j;cloudType=Consumer;environment=Prod_francecentral_prod-s01-062-eur-francecentral;migrationStage=NotStarted}
{"logTime": "0611/193801", "correlationVector":"XC4Y+yjuhPEG0UOFQklrMg","action":"Commit Request", "result":"", "context":Item count: 13
Contributing types: Preferences, Passwords}
{"logTime": "0611/193802", "correlationVector":"XC4Y+yjuhPEG0UOFQklrMg.1","action":"SyncServerConnectionManagerRequest", "result":"SYNC_SERVER_OK", "context":{"environment":"Prod_francecentral_prod-s01-062-eur-francecentral", "migrationStage":"NotStarted", "server":"akswtt11500002m"}}
{"logTime": "0611/193802", "correlationVector":"XC4Y+yjuhPEG0UOFQklrMg.2","action":"Commit Response", "result":"Success", "context":Result: Success. cV=XC4Y+yjuhPEG0UOFQklrMg.0;server=akswtt11500002m;cloudType=Consumer;environment=Prod_francecentral_prod-s01-062-eur-francecentral;migrationStage=NotStarted}
{"logTime": "0611/193850", "correlationVector":"jjeTG0lqe+3LegxHuNoxLO","action":"Commit Request", "result":"", "context":Item count: 3
Contributing types: Preferences, Sessions, History}
{"logTime": "0611/193850", "correlationVector":"jjeTG0lqe+3LegxHuNoxLO.1","action":"SyncServerConnectionManagerRequest", "result":"SYNC_SERVER_OK", "context":{"environment":"Prod_francecentral_prod-s01-062-eur-francecentral", "migrationStage":"NotStarted", "server":"akswtt11500002m"}}
{"logTime": "0611/193850", "correlationVector":"jjeTG0lqe+3LegxHuNoxLO.2","action":"Commit Response", "result":"Success", "context":Result: Success. cV=jjeTG0lqe+3LegxHuNoxLO.0;server=akswtt11500002m;cloudType=Consumer;environment=Prod_francecentral_prod-s01-062-eur-francecentral;migrationStage=NotStarted}
{"logTime": "0611/193855", "correlationVector":"BYzeN376p2IfyV7dsXpK6X","action":"Commit Request", "result":"", "context":Item count: 1
Contributing types: Preferences}
{"logTime": "0611/193855", "correlationVector":"BYzeN376p2IfyV7dsXpK6X.1","action":"SyncServerConnectionManagerRequest", "result":"SYNC_SERVER_OK", "context":{"environment":"Prod_francecentral_prod-s01-062-eur-francecentral", "migrationStage":"NotStarted", "server":"akswtt11500001v"}}
{"logTime": "0611/193855", "correlationVector":"BYzeN376p2IfyV7dsXpK6X.3","action":"Commit.Preferences", "result":"Success", "context":{"id":"4f5a8753-f3c0-45b7-a995-5e37bac50407", "isDeleted":"true", "size":"0", "version":"1781206731188"}}
{"logTime": "0611/193855", "correlationVector":"BYzeN376p2IfyV7dsXpK6X.2","action":"Commit Response", "result":"Success", "context":Result: Success. cV=BYzeN376p2IfyV7dsXpK6X.0;server=akswtt11500001v;cloudType=Consumer;environment=Prod_francecentral_prod-s01-062-eur-francecentral;migrationStage=NotStarted}
{"logTime": "0611/193959", "correlationVector":"Vk5PTTFBfUpoNh6L9Mx5dM","action":"Commit Request", "result":"", "context":Item count: 1
Contributing types: Device Info}
{"logTime": "0611/194000", "correlationVector":"Vk5PTTFBfUpoNh6L9Mx5dM.1","action":"SyncServerConnectionManagerRequest", "result":"SYNC_SERVER_OK", "context":{"environment":"Prod_francecentral_prod-s01-062-eur-francecentral", "migrationStage":"NotStarted", "server":"akswtt11500002j"}}
{"logTime": "0611/194000", "correlationVector":"Vk5PTTFBfUpoNh6L9Mx5dM.2","action":"Commit Response", "result":"Success", "context":Result: Success. cV=Vk5PTTFBfUpoNh6L9Mx5dM.0;server=akswtt11500002j;cloudType=Consumer;environment=Prod_francecentral_prod-s01-062-eur-francecentral;migrationStage=NotStarted}
{"logTime": "0611/195117", "correlationVector":"WKDUYtACepyys8xVhFsEu9","action":"Commit Request", "result":"", "context":Item count: 2
Contributing types: Sessions, History}
{"logTime": "0611/195118", "correlationVector":"WKDUYtACepyys8xVhFsEu9.1","action":"SyncServerConnectionManagerRequest", "result":"SYNC_SERVER_OK", "context":{"environment":"Prod_francecentral_prod-s01-062-eur-francecentral", "migrationStage":"NotStarted", "server":"akswtt11500002r"}}
{"logTime": "0611/195118", "correlationVector":"WKDUYtACepyys8xVhFsEu9.2","action":"Commit Response", "result":"Success", "context":Result: Success. cV=WKDUYtACepyys8xVhFsEu9.0;server=akswtt11500002r;cloudType=Consumer;environment=Prod_francecentral_prod-s01-062-eur-francecentral;migrationStage=NotStarted}
{"logTime": "0611/195157", "correlationVector":"+AXSQt/zamkgBgw2DYclUj.1","action":"SyncServerConnectionManagerRequest", "result":"SYNC_SERVER_OK", "context":{"environment":"Prod_francecentral_prod-s01-062-eur-francecentral", "migrationStage":"NotStarted", "server":"akswtt11500002m"}}
{"logTime": "0611/195157", "correlationVector":"+AXSQt/zamkgBgw2DYclUj.2","action":"ProcessGetUpdates", "result":"Done", "context":{"dataType":"Encryption Keys", "deleted":"0", "process_failed_to_decrypt":"0", "process_pending_decryption":"0", "process_success":"1", "total":"1"}}
{"logTime": "0611/195158", "correlationVector":"QpMobxcbSDRTj7JLyqF/K3","action":"SyncServerConnectionManagerRequest", "result":"SYNC_SERVER_OK", "context":{"environment":"", "migrationStage":"", "server":""}}
{"logTime": "0611/195158", "correlationVector":"QpMobxcbSDRTj7JLyqF/K3.0","action":"EncryptionKeysFetcher.DownloadKeys:", "result":"Success", "context":Key count: 4, Last key timestamp: 2026-03-10T19:27:06Z}
{"logTime": "0611/195158", "correlationVector":"QpMobxcbSDRTj7JLyqF/K3.1","action":"EncryptionKeysManager::SetEncryptionKeys:", "result":"Success", "context":Key names[4]:[p1TjH0e8NJhJtfXcyG8869IwISbYgjqNwQmEZNa8pmeExgX7OwBzzYMkF5kGYxms98lJ49JVGaRNI1Lru3A5Eg==][WWRTq1Sj3wfhSMTSMItZHHHYcAg6DaN5McIMa2KtjSItmOhE0nHxXNo9u6VH6ESx+M57nJ9nAGhpimVB3nW+dg==][PwMglo3CyC7KVjhi/d2h9iwLkXqtiBvfj+zDyFHH/fHmk1g1DkeRqg4+aCpNUarmudFUZm0SGs/Ogpe3ohPD1A==][gQ/jEldPxL+f54tGRDQYKVcS+Wz877ge9BWckhJRw6qY7OjQScBl8YVjMa5X/ZmNQKcYSem2B7j3IQeeigt5ng==]}
{"logTime": "0611/195158", "correlationVector":"QpMobxcbSDRTj7JLyqF/K3.2","action":"EncryptionKeysManager::SetEncryptionKeysWithTimestamps:", "result":"Success", "context":Key timestamps[4]:[2024-09-13T01:27:56Z][2025-03-13T22:04:39Z][2025-09-11T15:35:58Z][2026-03-10T19:27:06Z]}
{"logTime": "0611/195158", "correlationVector":"+AXSQt/zamkgBgw2DYclUj","action":"Initial GetUpdates", "result":"", "context":Reason: NEW_CLIENT. cV=+AXSQt/zamkgBgw2DYclUj}
{"logTime": "0611/195158", "correlationVector":"+AXSQt/zamkgBgw2DYclUj.3","action":"GetUpdates Response", "result":"Success", "context":Received 1 update(s). cV=+AXSQt/zamkgBgw2DYclUj.0;server=akswtt11500002m;cloudType=Consumer;environment=Prod_francecentral_prod-s01-062-eur-francecentral;migrationStage=NotStarted}
{"logTime": "0611/195158", "correlationVector":"OqGTy8d8aC5/gf9vgFm9Qj","action":"Initial GetUpdates", "result":"", "context":Reason: NEWLY_SUPPORTED_DATATYPE. cV=OqGTy8d8aC5/gf9vgFm9Qj}
{"logTime": "0611/195158", "correlationVector":"OqGTy8d8aC5/gf9vgFm9Qj.1","action":"SyncServerConnectionManagerRequest", "result":"SYNC_SERVER_OK", "context":{"environment":"Prod_francecentral_prod-s01-062-eur-francecentral", "migrationStage":"NotStarted", "server":"akswtt11500001v"}}
{"logTime": "0611/195158", "correlationVector":"OqGTy8d8aC5/gf9vgFm9Qj.2","action":"ProcessGetUpdates", "result":"Done", "context":{"dataType":"Preferences", "deleted":"2", "process_failed_to_decrypt":"0", "process_pending_decryption":"0", "process_success":"70", "total":"70"}}
{"logTime": "0611/195158", "correlationVector":"OqGTy8d8aC5/gf9vgFm9Qj.3","action":"ProcessGetUpdates", "result":"Done", "context":{"dataType":"Passwords", "deleted":"0", "process_failed_to_decrypt":"0", "process_pending_decryption":"0", "process_success":"15", "total":"15"}}
{"logTime": "0611/195158", "correlationVector":"OqGTy8d8aC5/gf9vgFm9Qj.4","action":"ProcessGetUpdates", "result":"Done", "context":{"dataType":"Device Info", "deleted":"0", "process_failed_to_decrypt":"0", "process_pending_decryption":"0", "process_success":"8", "total":"8"}}
{"logTime": "0611/195158", "correlationVector":"OqGTy8d8aC5/gf9vgFm9Qj.5","action":"GetUpdates Response", "result":"Success", "context":Received 93 update(s). cV=OqGTy8d8aC5/gf9vgFm9Qj.0;server=akswtt11500001v;cloudType=Consumer;environment=Prod_francecentral_prod-s01-062-eur-francecentral;migrationStage=NotStarted}
{"logTime": "0611/195158", "correlationVector":"S9BZY2SoM9WoI2sf+j7mbF","action":"Initial GetUpdates", "result":"", "context":Reason: NEWLY_SUPPORTED_DATATYPE. cV=S9BZY2SoM9WoI2sf+j7mbF}
{"logTime": "0611/195159", "correlationVector":"S9BZY2SoM9WoI2sf+j7mbF.1","action":"SyncServerConnectionManagerRequest", "result":"SYNC_SERVER_OK", "context":{"environment":"Prod_francecentral_prod-s01-062-eur-francecentral", "migrationStage":"NotStarted", "server":"akswtt11500002d"}}
{"logTime": "0611/195159", "correlationVector":"S9BZY2SoM9WoI2sf+j7mbF.2","action":"ProcessGetUpdates", "result":"Done", "context":{"dataType":"Bookmarks", "deleted":"0", "process_failed_to_decrypt":"0", "process_pending_decryption":"0", "process_success":"6", "total":"6"}}
{"logTime": "0611/195159", "correlationVector":"S9BZY2SoM9WoI2sf+j7mbF.3","action":"GetUpdates Response", "result":"Success", "context":Received 6 update(s). cV=S9BZY2SoM9WoI2sf+j7mbF.0;server=akswtt11500002d;cloudType=Consumer;environment=Prod_francecentral_prod-s01-062-eur-francecentral;migrationStage=NotStarted}
{"logTime": "0611/195159", "correlationVector":"DyR6s5Qab2MCblfWAN88WJ","action":"Initial GetUpdates", "result":"", "context":Reason: NEWLY_SUPPORTED_DATATYPE. cV=DyR6s5Qab2MCblfWAN88WJ}
{"logTime": "0611/195159", "correlationVector":"DyR6s5Qab2MCblfWAN88WJ.1","action":"SyncServerConnectionManagerRequest", "result":"SYNC_SERVER_OK", "context":{"environment":"Prod_francecentral_prod-s01-062-eur-francecentral", "migrationStage":"NotStarted", "server":"akswtt11500001s"}}
{"logTime": "0611/195159", "correlationVector":"DyR6s5Qab2MCblfWAN88WJ.2","action":"ProcessGetUpdates", "result":"Done", "context":{"dataType":"Autofill Profiles", "deleted":"0", "process_failed_to_decrypt":"0", "process_pending_decryption":"0", "process_success":"8", "total":"8"}}
{"logTime": "0611/195159", "correlationVector":"DyR6s5Qab2MCblfWAN88WJ.3","action":"ProcessGetUpdates", "result":"Done", "context":{"dataType":"Autofill", "deleted":"0", "process_failed_to_decrypt":"0", "process_pending_decryption":"0", "process_success":"34", "total":"34"}}
{"logTime": "0611/195159", "correlationVector":"DyR6s5Qab2MCblfWAN88WJ.4","action":"ProcessGetUpdates", "result":"Done", "context":{"dataType":"Extensions", "deleted":"0", "process_failed_to_decrypt":"0", "process_pending_decryption":"0", "process_success":"1", "total":"1"}}
{"logTime": "0611/195159", "correlationVector":"DyR6s5Qab2MCblfWAN88WJ.5","action":"ProcessGetUpdates", "result":"Done", "context":{"dataType":"Sessions", "deleted":"30", "process_failed_to_decrypt":"0", "process_pending_decryption":"0", "process_success":"32", "total":"32"}}
{"logTime": "0611/195159", "correlationVector":"DyR6s5Qab2MCblfWAN88WJ.6","action":"ProcessGetUpdates", "result":"Done", "context":{"dataType":"Extension settings", "deleted":"0", "process_failed_to_decrypt":"0", "process_pending_decryption":"0", "process_success":"1", "total":"1"}}
{"logTime": "0611/195159", "correlationVector":"DyR6s5Qab2MCblfWAN88WJ.7","action":"ProcessGetUpdates", "result":"Done", "context":{"dataType":"Edge Hub App Usage", "deleted":"2", "process_failed_to_decrypt":"0", "process_pending_decryption":"0", "process_success":"5", "total":"5"}}
{"logTime": "0611/195159", "correlationVector":"DyR6s5Qab2MCblfWAN88WJ.8","action":"GetUpdates Response", "result":"Success", "context":Received 81 update(s). cV=DyR6s5Qab2MCblfWAN88WJ.0;server=akswtt11500001s;cloudType=Consumer;environment=Prod_francecentral_prod-s01-062-eur-francecentral;migrationStage=NotStarted}
{"logTime": "0611/195159", "correlationVector":"8iX1MHbABGo/+794diHB/b","action":"Initial GetUpdates", "result":"", "context":Reason: NEWLY_SUPPORTED_DATATYPE. cV=8iX1MHbABGo/+794diHB/b}
{"logTime": "0611/195159", "correlationVector":"8iX1MHbABGo/+794diHB/b.1","action":"SyncServerConnectionManagerRequest", "result":"SYNC_SERVER_OK", "context":{"environment":"Prod_francecentral_prod-s01-062-eur-francecentral", "migrationStage":"NotStarted", "server":"akswtt11500002f"}}
{"logTime": "0611/195159", "correlationVector":"8iX1MHbABGo/+794diHB/b.2","action":"ProcessGetUpdates", "result":"Done", "context":{"dataType":"History", "deleted":"0", "process_failed_to_decrypt":"0", "process_pending_decryption":"0", "process_success":"11", "total":"11"}}
{"logTime": "0611/195159", "correlationVector":"8iX1MHbABGo/+794diHB/b.3","action":"GetUpdates Response", "result":"Success", "context":Received 11 update(s). cV=8iX1MHbABGo/+794diHB/b.0;server=akswtt11500002f;cloudType=Consumer;environment=Prod_francecentral_prod-s01-062-eur-francecentral;migrationStage=NotStarted}
{"logTime": "0611/195159", "correlationVector":"xpHXT6atcbkchLnHoLl1db","action":"Normal GetUpdate request", "result":"", "context":cV=xpHXT6atcbkchLnHoLl1db
Nudged types: Sessions, Device Info
Refresh requested types: Bookmarks, Preferences, Passwords, Autofill Profiles, Autofill, Extensions, Sessions, Extension settings, History Delete Directives, Device Info, User Consents, Send Tab To Self, Web Apps, History, Saved Tab Group, WebAuthn Credentials, Edge E Drop, Edge Hub App Usage, Edge Wallet, Edge Workspace, Encryption Keys}
{"logTime": "0611/195200", "correlationVector":"xpHXT6atcbkchLnHoLl1db.1","action":"SyncServerConnectionManagerRequest", "result":"SYNC_SERVER_OK", "context":{"environment":"Prod_francecentral_prod-s01-062-eur-francecentral", "migrationStage":"NotStarted", "server":"akswtt11500002d"}}
{"logTime": "0611/195200", "correlationVector":"xpHXT6atcbkchLnHoLl1db.2","action":"GetUpdates Response", "result":"Success", "context":Received 0 update(s). cV=xpHXT6atcbkchLnHoLl1db.0;server=akswtt11500002d;cloudType=Consumer;environment=Prod_francecentral_prod-s01-062-eur-francecentral;migrationStage=NotStarted}
{"logTime": "0611/195200", "correlationVector":"gQ3S6kf6ygOX7tiHYXruWG","action":"Commit Request", "result":"", "context":Item count: 3
Contributing types: Sessions, Device Info}
{"logTime": "0611/195200", "correlationVector":"gQ3S6kf6ygOX7tiHYXruWG.1","action":"SyncServerConnectionManagerRequest", "result":"SYNC_SERVER_OK", "context":{"environment":"Prod_francecentral_prod-s01-062-eur-francecentral", "migrationStage":"NotStarted", "server":"akswtt11500002k"}}
{"logTime": "0611/195200", "correlationVector":"gQ3S6kf6ygOX7tiHYXruWG.2","action":"Commit Response", "result":"Success", "context":Result: Success. cV=gQ3S6kf6ygOX7tiHYXruWG.0;server=akswtt11500002k;cloudType=Consumer;environment=Prod_francecentral_prod-s01-062-eur-francecentral;migrationStage=NotStarted}
{"logTime": "0611/195201", "correlationVector":"tqNQgVIx60crNNio95lNlC","action":"Commit Request", "result":"", "context":Item count: 15
Contributing types: Preferences, Passwords, Sessions, History}
{"logTime": "0611/195202", "correlationVector":"tqNQgVIx60crNNio95lNlC.1","action":"SyncServerConnectionManagerRequest", "result":"SYNC_SERVER_OK", "context":{"environment":"Prod_francecentral_prod-s01-062-eur-francecentral", "migrationStage":"NotStarted", "server":"akswtt11500001p"}}
{"logTime": "0611/195202", "correlationVector":"tqNQgVIx60crNNio95lNlC.2","action":"Commit Response", "result":"Success", "context":Result: Success. cV=tqNQgVIx60crNNio95lNlC.0;server=akswtt11500001p;cloudType=Consumer;environment=Prod_francecentral_prod-s01-062-eur-francecentral;migrationStage=NotStarted}
{"logTime": "0611/195254", "correlationVector":"yQpKCaSkcFmMeH0aVFUlxy","action":"Commit Request", "result":"", "context":Item count: 2
Contributing types: Sessions, History}
{"logTime": "0611/195255", "correlationVector":"yQpKCaSkcFmMeH0aVFUlxy.1","action":"SyncServerConnectionManagerRequest", "result":"SYNC_SERVER_OK", "context":{"environment":"Prod_francecentral_prod-s01-062-eur-francecentral", "migrationStage":"NotStarted", "server":"akswtt11500002f"}}
{"logTime": "0611/195255", "correlationVector":"yQpKCaSkcFmMeH0aVFUlxy.2","action":"Commit Response", "result":"Success", "context":Result: Success. cV=yQpKCaSkcFmMeH0aVFUlxy.0;server=akswtt11500002f;cloudType=Consumer;environment=Prod_francecentral_prod-s01-062-eur-francecentral;migrationStage=NotStarted}
{"logTime": "0611/200251", "correlationVector":"GgWz2lVZ8ZTTnwZutgBYUM.1","action":"SyncServerConnectionManagerRequest", "result":"SYNC_SERVER_OK", "context":{"environment":"Prod_francecentral_prod-s01-062-eur-francecentral", "migrationStage":"NotStarted", "server":"akswtt11500001u"}}
{"logTime": "0611/200251", "correlationVector":"GgWz2lVZ8ZTTnwZutgBYUM.2","action":"ProcessGetUpdates", "result":"Done", "context":{"dataType":"Encryption Keys", "deleted":"0", "process_failed_to_decrypt":"0", "process_pending_decryption":"0", "process_success":"1", "total":"1"}}
{"logTime": "0611/200252", "correlationVector":"jV8RzmsQVErLj4WTxjVkVs","action":"SyncServerConnectionManagerRequest", "result":"SYNC_SERVER_OK", "context":{"environment":"", "migrationStage":"", "server":""}}
{"logTime": "0611/200252", "correlationVector":"jV8RzmsQVErLj4WTxjVkVs.0","action":"EncryptionKeysFetcher.DownloadKeys:", "result":"Success", "context":Key count: 4, Last key timestamp: 2026-03-10T19:27:06Z}
{"logTime": "0611/200252", "correlationVector":"jV8RzmsQVErLj4WTxjVkVs.1","action":"EncryptionKeysManager::SetEncryptionKeys:", "result":"Success", "context":Key names[4]:[p1TjH0e8NJhJtfXcyG8869IwISbYgjqNwQmEZNa8pmeExgX7OwBzzYMkF5kGYxms98lJ49JVGaRNI1Lru3A5Eg==][WWRTq1Sj3wfhSMTSMItZHHHYcAg6DaN5McIMa2KtjSItmOhE0nHxXNo9u6VH6ESx+M57nJ9nAGhpimVB3nW+dg==][PwMglo3CyC7KVjhi/d2h9iwLkXqtiBvfj+zDyFHH/fHmk1g1DkeRqg4+aCpNUarmudFUZm0SGs/Ogpe3ohPD1A==][gQ/jEldPxL+f54tGRDQYKVcS+Wz877ge9BWckhJRw6qY7OjQScBl8YVjMa5X/ZmNQKcYSem2B7j3IQeeigt5ng==]}
{"logTime": "0611/200252", "correlationVector":"jV8RzmsQVErLj4WTxjVkVs.2","action":"EncryptionKeysManager::SetEncryptionKeysWithTimestamps:", "result":"Success", "context":Key timestamps[4]:[2024-09-13T01:27:56Z][2025-03-13T22:04:39Z][2025-09-11T15:35:58Z][2026-03-10T19:27:06Z]}
{"logTime": "0611/200252", "correlationVector":"GgWz2lVZ8ZTTnwZutgBYUM","action":"Initial GetUpdates", "result":"", "context":Reason: NEW_CLIENT. cV=GgWz2lVZ8ZTTnwZutgBYUM}
{"logTime": "0611/200252", "correlationVector":"GgWz2lVZ8ZTTnwZutgBYUM.3","action":"GetUpdates Response", "result":"Success", "context":Received 1 update(s). cV=GgWz2lVZ8ZTTnwZutgBYUM.0;server=akswtt11500001u;cloudType=Consumer;environment=Prod_francecentral_prod-s01-062-eur-francecentral;migrationStage=NotStarted}
{"logTime": "0611/200252", "correlationVector":"P1lZshwvN1NsSmOxNd8MIg","action":"Initial GetUpdates", "result":"", "context":Reason: NEWLY_SUPPORTED_DATATYPE. cV=P1lZshwvN1NsSmOxNd8MIg}
{"logTime": "0611/200253", "correlationVector":"P1lZshwvN1NsSmOxNd8MIg.1","action":"SyncServerConnectionManagerRequest", "result":"SYNC_SERVER_OK", "context":{"environment":"Prod_francecentral_prod-s01-062-eur-francecentral", "migrationStage":"NotStarted", "server":"akswtt11500001q"}}
{"logTime": "0611/200253", "correlationVector":"P1lZshwvN1NsSmOxNd8MIg.2","action":"ProcessGetUpdates", "result":"Done", "context":{"dataType":"Passwords", "deleted":"0", "process_failed_to_decrypt":"0", "process_pending_decryption":"0", "process_success":"15", "total":"15"}}
{"logTime": "0611/200253", "correlationVector":"P1lZshwvN1NsSmOxNd8MIg.3","action":"GetUpdates Response", "result":"Success", "context":Received 15 update(s). cV=P1lZshwvN1NsSmOxNd8MIg.0;server=akswtt11500001q;cloudType=Consumer;environment=Prod_francecentral_prod-s01-062-eur-francecentral;migrationStage=NotStarted}
{"logTime": "0611/200253", "correlationVector":"RnLCqg48bdwZmZMSLW0Us0","action":"Normal GetUpdate request", "result":"", "context":cV=RnLCqg48bdwZmZMSLW0Us0
Nudged types: Sessions, Device Info, History
Refresh requested types: Bookmarks, Preferences, Passwords, Autofill Profiles, Autofill, Extensions, Sessions, Extension settings, History Delete Directives, Device Info, User Consents, Send Tab To Self, Web Apps, History, Saved Tab Group, WebAuthn Credentials, Edge E Drop, Edge Hub App Usage, Edge Wallet, Edge Workspace, Encryption Keys}
{"logTime": "0611/200253", "correlationVector":"RnLCqg48bdwZmZMSLW0Us0.1","action":"SyncServerConnectionManagerRequest", "result":"SYNC_SERVER_OK", "context":{"environment":"Prod_francecentral_prod-s01-062-eur-francecentral", "migrationStage":"NotStarted", "server":"akswtt11500001q"}}
{"logTime": "0611/200253", "correlationVector":"RnLCqg48bdwZmZMSLW0Us0.2","action":"ProcessGetUpdates", "result":"Done", "context":{"dataType":"Preferences", "deleted":"0", "process_failed_to_decrypt":"0", "process_pending_decryption":"0", "process_success":"1", "total":"1"}}
{"logTime": "0611/200253", "correlationVector":"RnLCqg48bdwZmZMSLW0Us0.3","action":"ProcessGetUpdates", "result":"Done", "context":{"dataType":"Sessions", "deleted":"0", "process_failed_to_decrypt":"0", "process_pending_decryption":"0", "process_success":"2", "total":"2"}}
{"logTime": "0611/200253", "correlationVector":"RnLCqg48bdwZmZMSLW0Us0.4","action":"ProcessGetUpdates", "result":"Done", "context":{"dataType":"Device Info", "deleted":"0", "process_failed_to_decrypt":"0", "process_pending_decryption":"0", "process_success":"1", "total":"1"}}
{"logTime": "0611/200253", "correlationVector":"RnLCqg48bdwZmZMSLW0Us0.5","action":"ProcessGetUpdates", "result":"Done", "context":{"dataType":"History", "deleted":"0", "process_failed_to_decrypt":"0", "process_pending_decryption":"0", "process_success":"1", "total":"1"}}
{"logTime": "0611/200253", "correlationVector":"RnLCqg48bdwZmZMSLW0Us0.6","action":"GetUpdates Response", "result":"Success", "context":Received 5 update(s). cV=RnLCqg48bdwZmZMSLW0Us0.0;server=akswtt11500001q;cloudType=Consumer;environment=Prod_francecentral_prod-s01-062-eur-francecentral;migrationStage=NotStarted}
{"logTime": "0611/200253", "correlationVector":"bc0g20FVyCAdAjx4Tct7DA","action":"Commit Request", "result":"", "context":Item count: 4
Contributing types: Sessions, Device Info, History}
{"logTime": "0611/200254", "correlationVector":"bc0g20FVyCAdAjx4Tct7DA.1","action":"SyncServerConnectionManagerRequest", "result":"SYNC_SERVER_OK", "context":{"environment":"Prod_francecentral_prod-s01-062-eur-francecentral", "migrationStage":"NotStarted", "server":"akswtt11500002u"}}
{"logTime": "0611/200254", "correlationVector":"bc0g20FVyCAdAjx4Tct7DA.2","action":"Commit Response", "result":"Success", "context":Result: Success. cV=bc0g20FVyCAdAjx4Tct7DA.0;server=akswtt11500002u;cloudType=Consumer;environment=Prod_francecentral_prod-s01-062-eur-francecentral;migrationStage=NotStarted}
{"logTime": "0611/200255", "correlationVector":"Y5sF4xTsz8RMsfUJ5caYJA","action":"Commit Request", "result":"", "context":Item count: 13
Contributing types: Preferences, Passwords}
{"logTime": "0611/200256", "correlationVector":"Y5sF4xTsz8RMsfUJ5caYJA.1","action":"SyncServerConnectionManagerRequest", "result":"SYNC_SERVER_OK", "context":{"environment":"Prod_francecentral_prod-s01-062-eur-francecentral", "migrationStage":"NotStarted", "server":"akswtt11500001u"}}
{"logTime": "0611/200256", "correlationVector":"Y5sF4xTsz8RMsfUJ5caYJA.2","action":"Commit Response", "result":"Success", "context":Result: Success. cV=Y5sF4xTsz8RMsfUJ5caYJA.0;server=akswtt11500001u;cloudType=Consumer;environment=Prod_francecentral_prod-s01-062-eur-francecentral;migrationStage=NotStarted}
{"logTime": "0611/200344", "correlationVector":"HpytOJkd/frHeTjKCftwFD","action":"Commit Request", "result":"", "context":Item count: 2
Contributing types: Sessions, History}
{"logTime": "0611/200345", "correlationVector":"HpytOJkd/frHeTjKCftwFD.1","action":"SyncServerConnectionManagerRequest", "result":"SYNC_SERVER_OK", "context":{"environment":"Prod_francecentral_prod-s01-062-eur-francecentral", "migrationStage":"NotStarted", "server":"akswtt11500002u"}}
{"logTime": "0611/200345", "correlationVector":"HpytOJkd/frHeTjKCftwFD.2","action":"Commit Response", "result":"Success", "context":Result: Success. cV=HpytOJkd/frHeTjKCftwFD.0;server=akswtt11500002u;cloudType=Consumer;environment=Prod_francecentral_prod-s01-062-eur-francecentral;migrationStage=NotStarted}
{"logTime": "0611/200543", "correlationVector":"xg9AyNHr8xKTpWmpLFXARg.1","action":"SyncServerConnectionManagerRequest", "result":"SYNC_SERVER_OK", "context":{"environment":"Prod_francecentral_prod-s01-062-eur-francecentral", "migrationStage":"NotStarted", "server":"akswtt11500002q"}}
{"logTime": "0611/200543", "correlationVector":"xg9AyNHr8xKTpWmpLFXARg.2","action":"ProcessGetUpdates", "result":"Done", "context":{"dataType":"Encryption Keys", "deleted":"0", "process_failed_to_decrypt":"0", "process_pending_decryption":"0", "process_success":"1", "total":"1"}}
{"logTime": "0611/200545", "correlationVector":"WmF3YOsJaOXdCVeh5E6p94","action":"SyncServerConnectionManagerRequest", "result":"SYNC_SERVER_OK", "context":{"environment":"", "migrationStage":"", "server":""}}
{"logTime": "0611/200545", "correlationVector":"WmF3YOsJaOXdCVeh5E6p94.0","action":"EncryptionKeysFetcher.DownloadKeys:", "result":"Success", "context":Key count: 4, Last key timestamp: 2026-03-10T19:27:06Z}
{"logTime": "0611/200545", "correlationVector":"WmF3YOsJaOXdCVeh5E6p94.1","action":"EncryptionKeysManager::SetEncryptionKeys:", "result":"Success", "context":Key names[4]:[p1TjH0e8NJhJtfXcyG8869IwISbYgjqNwQmEZNa8pmeExgX7OwBzzYMkF5kGYxms98lJ49JVGaRNI1Lru3A5Eg==][WWRTq1Sj3wfhSMTSMItZHHHYcAg6DaN5McIMa2KtjSItmOhE0nHxXNo9u6VH6ESx+M57nJ9nAGhpimVB3nW+dg==][PwMglo3CyC7KVjhi/d2h9iwLkXqtiBvfj+zDyFHH/fHmk1g1DkeRqg4+aCpNUarmudFUZm0SGs/Ogpe3ohPD1A==][gQ/jEldPxL+f54tGRDQYKVcS+Wz877ge9BWckhJRw6qY7OjQScBl8YVjMa5X/ZmNQKcYSem2B7j3IQeeigt5ng==]}
{"logTime": "0611/200545", "correlationVector":"WmF3YOsJaOXdCVeh5E6p94.2","action":"EncryptionKeysManager::SetEncryptionKeysWithTimestamps:", "result":"Success", "context":Key timestamps[4]:[2024-09-13T01:27:56Z][2025-03-13T22:04:39Z][2025-09-11T15:35:58Z][2026-03-10T19:27:06Z]}
{"logTime": "0611/200545", "correlationVector":"xg9AyNHr8xKTpWmpLFXARg","action":"Initial GetUpdates", "result":"", "context":Reason: NEW_CLIENT. cV=xg9AyNHr8xKTpWmpLFXARg}
{"logTime": "0611/200545", "correlationVector":"xg9AyNHr8xKTpWmpLFXARg.3","action":"GetUpdates Response", "result":"Success", "context":Received 1 update(s). cV=xg9AyNHr8xKTpWmpLFXARg.0;server=akswtt11500002q;cloudType=Consumer;environment=Prod_francecentral_prod-s01-062-eur-francecentral;migrationStage=NotStarted}
{"logTime": "0611/200545", "correlationVector":"9CmvsBopyZ73CMh3nmEq1u","action":"Initial GetUpdates", "result":"", "context":Reason: NEWLY_SUPPORTED_DATATYPE. cV=9CmvsBopyZ73CMh3nmEq1u}
{"logTime": "0611/200546", "correlationVector":"9CmvsBopyZ73CMh3nmEq1u.1","action":"SyncServerConnectionManagerRequest", "result":"SYNC_SERVER_OK", "context":{"environment":"Prod_francecentral_prod-s01-062-eur-francecentral", "migrationStage":"NotStarted", "server":"akswtt11500002n"}}
{"logTime": "0611/200546", "correlationVector":"9CmvsBopyZ73CMh3nmEq1u.2","action":"ProcessGetUpdates", "result":"Done", "context":{"dataType":"Preferences", "deleted":"2", "process_failed_to_decrypt":"0", "process_pending_decryption":"0", "process_success":"70", "total":"70"}}
{"logTime": "0611/200546", "correlationVector":"9CmvsBopyZ73CMh3nmEq1u.3","action":"ProcessGetUpdates", "result":"Done", "context":{"dataType":"Passwords", "deleted":"0", "process_failed_to_decrypt":"0", "process_pending_decryption":"0", "process_success":"15", "total":"15"}}
{"logTime": "0611/200546", "correlationVector":"9CmvsBopyZ73CMh3nmEq1u.4","action":"ProcessGetUpdates", "result":"Done", "context":{"dataType":"Device Info", "deleted":"0", "process_failed_to_decrypt":"0", "process_pending_decryption":"0", "process_success":"8", "total":"8"}}
{"logTime": "0611/200546", "correlationVector":"9CmvsBopyZ73CMh3nmEq1u.5","action":"GetUpdates Response", "result":"Success", "context":Received 93 update(s). cV=9CmvsBopyZ73CMh3nmEq1u.0;server=akswtt11500002n;cloudType=Consumer;environment=Prod_francecentral_prod-s01-062-eur-francecentral;migrationStage=NotStarted}
{"logTime": "0611/200546", "correlationVector":"YRv1OpJbbegB6NfK/6lW43","action":"Initial GetUpdates", "result":"", "context":Reason: NEWLY_SUPPORTED_DATATYPE. cV=YRv1OpJbbegB6NfK/6lW43}
{"logTime": "0611/200546", "correlationVector":"YRv1OpJbbegB6NfK/6lW43.1","action":"SyncServerConnectionManagerRequest", "result":"SYNC_SERVER_OK", "context":{"environment":"Prod_francecentral_prod-s01-062-eur-francecentral", "migrationStage":"NotStarted", "server":"akswtt115000029"}}
{"logTime": "0611/200546", "correlationVector":"YRv1OpJbbegB6NfK/6lW43.2","action":"ProcessGetUpdates", "result":"Done", "context":{"dataType":"Bookmarks", "deleted":"0", "process_failed_to_decrypt":"0", "process_pending_decryption":"0", "process_success":"6", "total":"6"}}
{"logTime": "0611/200546", "correlationVector":"YRv1OpJbbegB6NfK/6lW43.3","action":"GetUpdates Response", "result":"Success", "context":Received 6 update(s). cV=YRv1OpJbbegB6NfK/6lW43.0;server=akswtt115000029;cloudType=Consumer;environment=Prod_francecentral_prod-s01-062-eur-francecentral;migrationStage=NotStarted}
{"logTime": "0611/200546", "correlationVector":"l/WCuLj063GA1qKndv/XRk","action":"Initial GetUpdates", "result":"", "context":Reason: NEWLY_SUPPORTED_DATATYPE. cV=l/WCuLj063GA1qKndv/XRk}
{"logTime": "0611/200546", "correlationVector":"l/WCuLj063GA1qKndv/XRk.1","action":"SyncServerConnectionManagerRequest", "result":"SYNC_SERVER_OK", "context":{"environment":"Prod_francecentral_prod-s01-062-eur-francecentral", "migrationStage":"NotStarted", "server":"akswtt11500001w"}}
{"logTime": "0611/200546", "correlationVector":"l/WCuLj063GA1qKndv/XRk.2","action":"ProcessGetUpdates", "result":"Done", "context":{"dataType":"Autofill Profiles", "deleted":"0", "process_failed_to_decrypt":"0", "process_pending_decryption":"0", "process_success":"8", "total":"8"}}
{"logTime": "0611/200546", "correlationVector":"l/WCuLj063GA1qKndv/XRk.3","action":"ProcessGetUpdates", "result":"Done", "context":{"dataType":"Autofill", "deleted":"0", "process_failed_to_decrypt":"0", "process_pending_decryption":"0", "process_success":"34", "total":"34"}}
{"logTime": "0611/200546", "correlationVector":"l/WCuLj063GA1qKndv/XRk.4","action":"ProcessGetUpdates", "result":"Done", "context":{"dataType":"Extensions", "deleted":"0", "process_failed_to_decrypt":"0", "process_pending_decryption":"0", "process_success":"1", "total":"1"}}
{"logTime": "0611/200546", "correlationVector":"l/WCuLj063GA1qKndv/XRk.5","action":"ProcessGetUpdates", "result":"Done", "context":{"dataType":"Sessions", "deleted":"30", "process_failed_to_decrypt":"0", "process_pending_decryption":"0", "process_success":"33", "total":"33"}}
{"logTime": "0611/200546", "correlationVector":"l/WCuLj063GA1qKndv/XRk.6","action":"ProcessGetUpdates", "result":"Done", "context":{"dataType":"Extension settings", "deleted":"0", "process_failed_to_decrypt":"0", "process_pending_decryption":"0", "process_success":"1", "total":"1"}}
{"logTime": "0611/200546", "correlationVector":"l/WCuLj063GA1qKndv/XRk.7","action":"ProcessGetUpdates", "result":"Done", "context":{"dataType":"Edge Hub App Usage", "deleted":"2", "process_failed_to_decrypt":"0", "process_pending_decryption":"0", "process_success":"5", "total":"5"}}
{"logTime": "0611/200546", "correlationVector":"l/WCuLj063GA1qKndv/XRk.8","action":"GetUpdates Response", "result":"Success", "context":Received 82 update(s). cV=l/WCuLj063GA1qKndv/XRk.0;server=akswtt11500001w;cloudType=Consumer;environment=Prod_francecentral_prod-s01-062-eur-francecentral;migrationStage=NotStarted}
{"logTime": "0611/200546", "correlationVector":"UzOED/awRmJvt4+zfEEnby","action":"Initial GetUpdates", "result":"", "context":Reason: NEWLY_SUPPORTED_DATATYPE. cV=UzOED/awRmJvt4+zfEEnby}
{"logTime": "0611/200547", "correlationVector":"UzOED/awRmJvt4+zfEEnby.1","action":"SyncServerConnectionManagerRequest", "result":"SYNC_SERVER_OK", "context":{"environment":"Prod_francecentral_prod-s01-062-eur-francecentral", "migrationStage":"NotStarted", "server":"akswtt11500002d"}}
{"logTime": "0611/200547", "correlationVector":"UzOED/awRmJvt4+zfEEnby.2","action":"ProcessGetUpdates", "result":"Done", "context":{"dataType":"History", "deleted":"0", "process_failed_to_decrypt":"0", "process_pending_decryption":"0", "process_success":"13", "total":"13"}}
{"logTime": "0611/200547", "correlationVector":"UzOED/awRmJvt4+zfEEnby.3","action":"GetUpdates Response", "result":"Success", "context":Received 13 update(s). cV=UzOED/awRmJvt4+zfEEnby.0;server=akswtt11500002d;cloudType=Consumer;environment=Prod_francecentral_prod-s01-062-eur-francecentral;migrationStage=NotStarted}
{"logTime": "0611/200547", "correlationVector":"fgmgbxsbCySc+gxFeXSOls","action":"Normal GetUpdate request", "result":"", "context":cV=fgmgbxsbCySc+gxFeXSOls
Nudged types: Sessions, Device Info
Refresh requested types: Bookmarks, Preferences, Passwords, Autofill Profiles, Autofill, Extensions, Sessions, Extension settings, History Delete Directives, Device Info, User Consents, Send Tab To Self, Web Apps, History, Saved Tab Group, WebAuthn Credentials, Edge E Drop, Edge Hub App Usage, Edge Wallet, Edge Workspace, Encryption Keys}
{"logTime": "0611/200547", "correlationVector":"fgmgbxsbCySc+gxFeXSOls.1","action":"SyncServerConnectionManagerRequest", "result":"SYNC_SERVER_OK", "context":{"environment":"Prod_francecentral_prod-s01-062-eur-francecentral", "migrationStage":"NotStarted", "server":"akswtt11500002j"}}
{"logTime": "0611/200547", "correlationVector":"fgmgbxsbCySc+gxFeXSOls.2","action":"GetUpdates Response", "result":"Success", "context":Received 0 update(s). cV=fgmgbxsbCySc+gxFeXSOls.0;server=akswtt11500002j;cloudType=Consumer;environment=Prod_francecentral_prod-s01-062-eur-francecentral;migrationStage=NotStarted}
{"logTime": "0611/200547", "correlationVector":"L2LFl54IlauFzDXR/jXHaw","action":"Commit Request", "result":"", "context":Item count: 3
Contributing types: Sessions, Device Info}
{"logTime": "0611/200548", "correlationVector":"L2LFl54IlauFzDXR/jXHaw.1","action":"SyncServerConnectionManagerRequest", "result":"SYNC_SERVER_OK", "context":{"environment":"Prod_francecentral_prod-s01-062-eur-francecentral", "migrationStage":"NotStarted", "server":"akswtt11500002q"}}
{"logTime": "0611/200548", "correlationVector":"L2LFl54IlauFzDXR/jXHaw.2","action":"Commit Response", "result":"Success", "context":Result: Success. cV=L2LFl54IlauFzDXR/jXHaw.0;server=akswtt11500002q;cloudType=Consumer;environment=Prod_francecentral_prod-s01-062-eur-francecentral;migrationStage=NotStarted}
{"logTime": "0611/200548", "correlationVector":"cv/+XLQZ2qQWi7WNU46WJK","action":"Commit Request", "result":"", "context":Item count: 15
Contributing types: Preferences, Passwords, Sessions, History}
{"logTime": "0611/200550", "correlationVector":"cv/+XLQZ2qQWi7WNU46WJK.1","action":"SyncServerConnectionManagerRequest", "result":"SYNC_SERVER_OK", "context":{"environment":"Prod_francecentral_prod-s01-062-eur-francecentral", "migrationStage":"NotStarted", "server":"akswtt11500002k"}}
{"logTime": "0611/200550", "correlationVector":"cv/+XLQZ2qQWi7WNU46WJK.2","action":"Commit Response", "result":"Success", "context":Result: Success. cV=cv/+XLQZ2qQWi7WNU46WJK.0;server=akswtt11500002k;cloudType=Consumer;environment=Prod_francecentral_prod-s01-062-eur-francecentral;migrationStage=NotStarted}
{"logTime": "0611/200643", "correlationVector":"2aKmaOzc/fKuXasc/F4XPX","action":"Commit Request", "result":"", "context":Item count: 2
Contributing types: Sessions, History}
{"logTime": "0611/200643", "correlationVector":"2aKmaOzc/fKuXasc/F4XPX.1","action":"SyncServerConnectionManagerRequest", "result":"SYNC_SERVER_OK", "context":{"environment":"Prod_francecentral_prod-s01-062-eur-francecentral", "migrationStage":"NotStarted", "server":"akswtt11500001s"}}
{"logTime": "0611/200643", "correlationVector":"2aKmaOzc/fKuXasc/F4XPX.2","action":"Commit Response", "result":"Success", "context":Result: Success. cV=2aKmaOzc/fKuXasc/F4XPX.0;server=akswtt11500001s;cloudType=Consumer;environment=Prod_francecentral_prod-s01-062-eur-francecentral;migrationStage=NotStarted}
{"logTime": "0611/202922", "correlationVector":"wktvowL921Kf6ZMdJsZ/TM","action":"Commit Request", "result":"", "context":Item count: 1
Contributing types: Sessions}
{"logTime": "0611/202922", "correlationVector":"wktvowL921Kf6ZMdJsZ/TM.1","action":"SyncServerConnectionManagerRequest", "result":"SYNC_SERVER_OK", "context":{"environment":"Prod_francecentral_prod-s01-062-eur-francecentral", "migrationStage":"NotStarted", "server":"akswtt11500001r"}}
{"logTime": "0611/202922", "correlationVector":"wktvowL921Kf6ZMdJsZ/TM.2","action":"Commit Response", "result":"Success", "context":Result: Success. cV=wktvowL921Kf6ZMdJsZ/TM.0;server=akswtt11500001r;cloudType=Consumer;environment=Prod_francecentral_prod-s01-062-eur-francecentral;migrationStage=NotStarted}
{"logTime": "0611/214801", "correlationVector":"qrivKu0lC2oE0WKW2w+SgL","action":"Commit Request", "result":"", "context":Item count: 2
Contributing types: Preferences, Sessions}
{"logTime": "0611/214803", "correlationVector":"qrivKu0lC2oE0WKW2w+SgL.1","action":"SyncServerConnectionManagerRequest", "result":"SYNC_SERVER_OK", "context":{"environment":"Prod_francecentral_prod-s01-062-eur-francecentral", "migrationStage":"NotStarted", "server":"akswtt11500002o"}}
{"logTime": "0611/214803", "correlationVector":"qrivKu0lC2oE0WKW2w+SgL.2","action":"Commit Response", "result":"Success", "context":Result: Success. cV=qrivKu0lC2oE0WKW2w+SgL.0;server=akswtt11500002o;cloudType=Consumer;environment=Prod_francecentral_prod-s01-062-eur-francecentral;migrationStage=NotStarted}
